                         ACEY DUCEY CARD GAME
              CREATIVE COMPUTING  MORRISTOWN, NEW JERSEY


ACEY-DUCEY IS PLAYED IN THE FOLLOWING MANNER 
THE DEALER (COMPUTER) DEALS TWO CARDS FACE UP
YOU HAVE AN OPTION TO BET OR NOT BET DEPENDING
ON WHETHER OR NOT YOU FEEL THE CARD WILL HAVE
A VALUE BETWEEN THE FIRST TWO.
IF YOU DO NOT WANT TO BET, INPUT A 0
YOU NOW HAVE  100  DOLLARS.

HERE ARE YOUR NEXT TWO CARDS: 
 3 
 10 

WHAT IS YOUR BET? 10
 9 
YOU WIN!!!
YOU NOW HAVE  110  DOLLARS.

HERE ARE YOUR NEXT TWO CARDS: 
 3 
JACK

WHAT IS YOUR BET? 20
 5 
YOU WIN!!!
YOU NOW HAVE  130  DOLLARS.

HERE ARE YOUR NEXT TWO CARDS: 
 2 
ACE


WHAT IS YOUR BET? 5
 2 
SORRY, YOU LOSE
YOU NOW HAVE  125  DOLLARS.

HERE ARE YOUR NEXT TWO CARDS: 
 3 
ACE


WHAT IS YOUR BET? 50
 8 
YOU WIN!!!
YOU NOW HAVE  175  DOLLARS.

HERE ARE YOUR NEXT TWO CARDS: 
 6 
KING

WHAT IS YOUR BET? 10
ACE

SORRY, YOU LOSE
YOU NOW HAVE  165  DOLLARS.

HERE ARE YOUR NEXT TWO CARDS: 
 9 
ACE


WHAT IS YOUR BET? 10
 5 
SORRY, YOU LOSE
YOU NOW HAVE  155  DOLLARS.

HERE ARE YOUR NEXT TWO CARDS: 
 7 
JACK

WHAT IS YOUR BET? 10
 5 
SORRY, YOU LOSE
YOU NOW HAVE  145  DOLLARS.

HERE ARE YOUR NEXT TWO CARDS: 
 6 
QUEEN

WHAT IS YOUR BET? 
[host: input exhausted]
