                           AMAZING PROGRAM
              CREATIVE COMPUTING  MORRISTOWN, NEW JERSEY




WHAT ARE YOUR WIDTH AND LENGTH? 10,8




.--.--.--.--.--.--.--.--.  .--.
I        I  I                 I
:  :  :  :  :  :--:--:--:--:  .
I  I  I     I  I     I        I
:  :--:--:  :  :--:  :  :--:--.
I        I     I     I  I     I
:  :--:  :--:--:  :  :  :  :  .
I     I        I  I  I     I  I
:--:  :--:--:  :  :  :--:--:  .
I  I        I     I  I     I  I
:  :  :--:--:  :--:  :  :--:  .
I  I  I     I     I  I        I
:  :  :  :  :--:  :--:  :--:--.
I  I     I  I     I     I     I
:  :--:--:  :  :--:  :--:--:  .
I           I     I           I
:--:--:--:--:--:--:  :--:--:--.
