                                BAGELS
              CREATIVE COMPUTING  MORRISTOWN, NEW JERSEY





WOULD YOU LIKE THE RULES (YES OR NO)? YES

I AM THINKING OF A THREE-DIGIT NUMBER.  TRY TO GUESS
MY NUMBER AND I WILL GIVE YOU CLUES AS FOLLOWS:
   PICO   - ONE DIGIT CORRECT BUT IN THE WRONG POSITION
   FERMI  - ONE DIGIT CORRECT AND IN THE RIGHT POSITION
   BAGELS - NO DIGITS CORRECT

O.K.  I HAVE A NUMBER IN MIND.
GUESS # 1     ? 123
FERMI 
GUESS # 2     ? 456
FERMI 
GUESS # 3     ? 789
PICO 
GUESS # 4     ? 012
BAGELS
GUESS # 5     ? 345
PICO PICO 
GUESS # 6     ? 
[host: input exhausted]
