YOU ARE A PILOT IN A WORLD WAR II BOMBER.
WHAT SIDE -- ITALY(1), ALLIES(2), JAPAN(3), GERMANY(4)? 1
YOUR TARGET -- ALBANIA(1), GREECE(2), NORTH AFRICA(3)? 1

SHOULD BE EASY -- YOU'RE FLYING A NAZI-MADE PLANE.

HOW MANY MISSIONS HAVE YOU FLOWN? 50


MISSED TARGET BY 18 MILES!
NOW YOU'RE REALLY IN FOR IT !!

DOES THE ENEMY HAVE GUNS(1), MISSILES(2), OR BOTH(3)? 
[host: input exhausted]
