HI!  I'M ELIZA.  WHAT'S YOUR PROBLEM?
? HELLO
HOW DO YOU DO ... PLEASE STATE YOUR PROBLEM.
? I AM SAD ABOUT MY COMPUTER
DID YOU COME TO ME BECAUSE YOU ARE SAD ABOUT YOUR COMPUTER  
? I DREAMED ABOUT MY MOTHER
WHAT DOES THAT DREAM SUGGEST TO YOU?
? YOU ARE NOT VERY HELPFUL
WHAT MAKES YOU THINK I AM NOT VERY HELPFUL  
? CAN YOU HELP ME
DON'T YOU BELIEVE THAT I CAN HELP ME  
? CAN YOU HELP ME
PLEASE DON'T REPEAT YOURSELF!
? I REMEMBER THE DREAMCAST
DO YOU DREAM OFTEN?
? SHUT UP
SHUT UP...
