                               HAMURABI
              CREATIVE COMPUTING  MORRISTOWN, NEW JERSEY



TRY YOUR HAND AT GOVERNING ANCIENT SUMERIA
FOR A TEN-YEAR TERM OF OFFICE.



HAMURABI:  I BEG TO REPORT TO YOU,
IN YEAR 1 , 0 PEOPLE STARVED, 5 CAME TO THE CITY,
POPULATION IS NOW 100 
THE CITY NOW OWNS  1000 ACRES.
YOU HARVESTED 3 BUSHELS PER ACRE.
THE RATS ATE 200 BUSHELS.
YOU NOW HAVE  2800 BUSHELS IN STORE.

LAND IS TRADING AT 25 BUSHELS PER ACRE.
HOW MANY ACRES DO YOU WISH TO BUY? 10

HOW MANY BUSHELS DO YOU WISH TO FEED YOUR PEOPLE? 0

HOW MANY ACRES DO YOU WISH TO PLANT WITH SEED? 1500
HAMURABI:  THINK AGAIN.  YOU OWN ONLY 1010 ACRES.  NOW THEN,
HOW MANY ACRES DO YOU WISH TO PLANT WITH SEED? 900

YOU STARVED 100 PEOPLE IN ONE YEAR!!!
DUE TO THIS EXTREME MISMANAGEMENT YOU HAVE NOT ONLY
BEEN IMPEACHED AND THROWN OUT OF OFFICE BUT YOU HAVE
ALSO BEEN DECLARED NATIONAL FINK!!!!

SO LONG FOR NOW.

