                                LOVE
              CREATIVE COMPUTING  MORRISTOWN, NEW JERSEY



A TRIBUTE TO THE GREAT AMERICAN ARTIST, ROBERT INDIANA.
HIS GREATEST WORK WILL BE REPRODUCED WITH A MESSAGE OF
YOUR CHOICE UP TO 60 CHARACTERS.  IF YOU CAN'T THINK OF
A MESSAGE, SIMPLE TYPE THE WORD 'LOVE'

YOUR MESSAGE, PLEASE? DREAMCAST BASIC











DREAMCAST BASICDREAMCAST BASICDREAMCAST BASICDREAMCAST BASIC
D            ICDREAMCAST BASICDREAMCAST         AMCAST BASIC
DRE        ASICDREAMCAST BASICDREAM                 ST BASIC
DREA      BASICDREAMCAST BASICDRE                      BASIC
DREA      BASICDREAMCAST BASICDR            CDREA      BASIC
DREA      BASICDREAMCAST BASICD           SICDREAM      ASIC
DREA      BASICDREAMCAST BASICD          ASICDREAMC     ASIC
DREA      BASICDREAMCAST BASICD         BASICDREAMC     ASIC
DREA      BASICDREAMCAST BASICD         BASICDREAM      ASIC
DREA      BASICDREAMCAST BASICD       T BASICDREA       ASIC
DREA      BASICDREAMCAST BASICD      ST BASICDRE        ASIC
DREA      BASICDREAMCAST BASI D     AST BASICDR         ASIC
DREA      BASICDREAMCAST BASI D     AST BASICD          ASIC
DREA      BASICDREAMCAST BAS  D      ST BASIC           ASIC
DREA      BASICDREAMCAST BA   D       T BAS             ASIC
DREA      BASICDREAMCAST      DR                       BASIC
D                             DREAM                 ST BASIC
D                             DREAMCAST         AMCAST BASIC
D             CDREA                                        C
D             CDREA                                        C
DREA      BASICDREAMCAS   ASICDREAMC      SICDREAMCAST     C
DREAM      ASICDREAMCA   BASICDREAMC      SICDREAMCAST B   C
DREAM      ASICDREAMCA   BASICDREAMC      SICDREAMCAST BA  C
DREAMC      SICDREAMC    BASICDREAMC      SICDREAMCAST BAS C
DREAMC      SICDREAMC    BASICDREAMC      SICDREA CAST BASIC
DREAMCA      ICDREAM   T BASICDREAMC      SICDRE  CAST BASIC
DREAMCA      ICDREAM   T BASICDREAMC              CAST BASIC
DREAMCAS      CDREA   ST BASICDREAMC      SICDRE  CAST BASIC
DREAMCAS      CDREA   ST BASICDREAMC      SICDREA CAST BASIC
DREAMCAST      DRE   AST BASICDREAMC      SICDREAMCAST BAS C
DREAMCAST      DRE   AST BASICDREAMC      SICDREAMCAST BA  C
DREAMCAST       R   CAST BASICDREAMC      SICDREAMCAST B   C
DREAMCAST           CAST BASICDREAMC      SICDREAMCAST     C
DREAMCAST B        MCAST BASICDR                           C
DREAMCAST B        MCAST BASICDR                           C
DREAMCAST BASICDREAMCAST BASICDREAMCAST BASICDREAMCAST BASIC









