DO YOU NEED INSTRUCTIONS  (y/n)? n


HOW GOOD A SHOT ARE YOU WITH YOUR RIFLE?
  (1) ACE MARKSMAN,  (2) GOOD SHOT,  (3) FAIR TO MIDDLIN'
         (4) NEED MORE PRACTICE,  (5) SHAKY KNEES
ENTER ONE OF THE ABOVE -- THE BETTER YOU CLAIM YOU ARE, THE
FASTER YOU'LL HAVE TO BE WITH YOUR GUN TO BE SUCCESSFUL.
? 3


HOW MUCH DO YOU WANT TO SPEND ON YOUR OXEN TEAM? 250
HOW MUCH DO YOU WANT TO SPEND ON FOOD? 100
HOW MUCH DO YOU WANT TO SPEND ON AMMUNITION? 100
HOW MUCH DO YOU WANT TO SPEND ON CLOTHING? 50
HOW MUCH DO YOU WANT TO SPEND ON MISCELLANEOUS SUPPLIES? 50
AFTER ALL YOUR PURCHASES, YOU NOW HAVE  150  DOLLARS LEFT

MONDAY MARCH 29 1847

TOTAL MILEAGE IS  0 
FOOD          BULLETS       CLOTHING      MISC. SUPP.   CASH
 100           5000          50            50            150 
DO YOU WANT TO (1) HUNT, OR (2) CONTINUE
? 2
DO YOU WANT TO EAT (1) POORLY   (2) MODERATELY
OR (3) WELL? 2
LOSE YOUR WAY IN HEAVY FOG---TIME IS LOST

MONDAY APRIL 12 1847

TOTAL MILEAGE IS  204 
FOOD          BULLETS       CLOTHING      MISC. SUPP.   CASH
 82            5000          50            50            150 
DO YOU WANT TO (1) STOP AT THE NEXT FORT, (2) HUNT, OR (3) CONTINUE
? 1
ENTER WHAT YOU WISH TO SPEND ON THE FOLLOWING
FOOD? 2
AMMUNITION? 1
CLOTHING? 2
MISCELLANEOUS SUPPLIES? 2
DO YOU WANT TO EAT (1) POORLY   (2) MODERATELY
OR (3) WELL? 2
WILD ANIMALS ATTACK!
TYPE bang
? bang

NICE SHOOTIN' PARDNER---THEY DIDN'T GET MUCH

MONDAY APRIL 26 1847

TOTAL MILEAGE IS  374 
FOOD          BULLETS       CLOTHING      MISC. SUPP.   CASH
 65            5033          51            51            143 
DO YOU WANT TO (1) HUNT, OR (2) CONTINUE
? 2
DO YOU WANT TO EAT (1) POORLY   (2) MODERATELY
OR (3) WELL? 2
RIDERS AHEAD.   THEY LOOK HOSTILE
TACTICS
(1) RUN  (2) ATTACK  (3) CONTINUE  (4) CIRCLE WAGONS
? 
[host: input exhausted]
