DREAMCAST BASIC GRAPHICS
PSET LINE CIRCLE PAINT DRAW[tone 261.6Hz 146ms]
[tone 0.0Hz 21ms]
[tone 329.6Hz 146ms]
[tone 0.0Hz 21ms]
[tone 392.0Hz 146ms]
[tone 0.0Hz 21ms]
[tone 523.3Hz 146ms]
[tone 0.0Hz 21ms]
[tone 392.0Hz 146ms]
[tone 0.0Hz 21ms]
[tone 329.6Hz 146ms]
[tone 0.0Hz 21ms]
[tone 261.6Hz 583ms]
[tone 0.0Hz 84ms]
